 [1mname                              (B[m  [1mbench_output_2.txt ns/iter(B[m  [1mbench_output_3.txt ns/iter(B[m  [1mdiff ns/iter(B[m  [1mdiff %(B[m 
 [32mac_one_byte                       (B[m  [32m349 (28653 MB/s)          (B[m  [32m354 (28248 MB/s)          (B[m  [32m           5(B[m  [32m 1.43%(B[m 
 [32mac_one_prefix_byte_every_match    (B[m  [32m112,957 (88 MB/s)         (B[m  [32m150,581 (66 MB/s)         (B[m  [32m      37,624(B[m  [32m33.31%(B[m 
 [32mac_one_prefix_byte_no_match       (B[m  [32m350 (28571 MB/s)          (B[m  [32m354 (28248 MB/s)          (B[m  [32m           4(B[m  [32m 1.14%(B[m 
 [32mac_one_prefix_byte_random         (B[m  [32m16,096 (621 MB/s)         (B[m  [32m20,273 (493 MB/s)         (B[m  [32m       4,177(B[m  [32m25.95%(B[m 
 [32mac_ten_bytes                      (B[m  [32m58,588 (170 MB/s)         (B[m  [32m108,092 (92 MB/s)         (B[m  [32m      49,504(B[m  [32m84.50%(B[m 
 [32mac_ten_diff_prefix                (B[m  [32m58,601 (170 MB/s)         (B[m  [32m108,082 (92 MB/s)         (B[m  [32m      49,481(B[m  [32m84.44%(B[m 
 [32mac_ten_one_prefix_byte_every_match(B[m  [32m112,920 (88 MB/s)         (B[m  [32m150,561 (66 MB/s)         (B[m  [32m      37,641(B[m  [32m33.33%(B[m 
 [32mac_ten_one_prefix_byte_no_match   (B[m  [32m350 (28571 MB/s)          (B[m  [32m354 (28248 MB/s)          (B[m  [32m           4(B[m  [32m 1.14%(B[m 
 [32mac_ten_one_prefix_byte_random     (B[m  [32m19,181 (521 MB/s)         (B[m  [32m23,684 (422 MB/s)         (B[m  [32m       4,503(B[m  [32m23.48%(B[m 
 [32mac_two_bytes                      (B[m  [32m3,125 (3200 MB/s)         (B[m  [32m3,138 (3186 MB/s)         (B[m  [32m          13(B[m  [32m 0.42%(B[m 
 [32mac_two_diff_prefix                (B[m  [32m3,124 (3201 MB/s)         (B[m  [32m3,138 (3186 MB/s)         (B[m  [32m          14(B[m  [32m 0.45%(B[m 
 [32mac_two_one_prefix_byte_every_match(B[m  [32m112,934 (88 MB/s)         (B[m  [32m150,571 (66 MB/s)         (B[m  [32m      37,637(B[m  [32m33.33%(B[m 
 [32mac_two_one_prefix_byte_no_match   (B[m  [32m350 (28571 MB/s)          (B[m  [32m354 (28248 MB/s)          (B[m  [32m           4(B[m  [32m 1.14%(B[m 
 [32mac_two_one_prefix_byte_random     (B[m  [32m16,511 (605 MB/s)         (B[m  [32m21,009 (476 MB/s)         (B[m  [32m       4,498(B[m  [32m27.24%(B[m 
